2026-04-17 19:31:04,903 [INFO] 🚀 GT-Mamba Full Benchmark Execution Started...
2026-04-17 19:31:04,956 [INFO] 🖥️ Execution Device: cuda
2026-04-17 19:31:04,997 [INFO] ✅ Successfully loaded 198 topological features.
2026-04-17 19:31:10,044 [INFO] ✅ Weights loaded: best_model.pth
2026-04-17 19:31:10,044 [INFO] ---------------------------------------------
2026-04-17 19:31:10,044 [INFO] ▶️ Processing Cohort: GSE40279
2026-04-17 19:31:53,145 [INFO] 🔄 Applying MARE Alignment & Sample-wise Imputation for 656 samples...
2026-04-17 19:31:54,417 [INFO] ⚡ Running Graph-Mamba Inference in batches...
2026-04-17 19:31:58,577 [INFO] 🏆 GSE40279 Results - RAW MAE: 4.2741 | CALIB MAE: 3.9963
2026-04-17 19:31:58,618 [INFO] ---------------------------------------------
2026-04-17 19:31:58,618 [INFO] ▶️ Processing Cohort: GSE61496
2026-04-17 19:32:20,003 [INFO] 🔄 Applying MARE Alignment & Sample-wise Imputation for 310 samples...
2026-04-17 19:32:20,610 [INFO] ⚡ Running Graph-Mamba Inference in batches...
2026-04-17 19:32:20,724 [INFO] 🏆 GSE61496 Results - RAW MAE: 2.7623 | CALIB MAE: 2.7614
2026-04-17 19:32:20,739 [INFO] ---------------------------------------------
2026-04-17 19:32:20,739 [INFO] ▶️ Processing Cohort: GSE72777
2026-04-17 19:32:24,091 [INFO] 🔄 Applying MARE Alignment & Sample-wise Imputation for 46 samples...
2026-04-17 19:32:24,231 [INFO] ⚡ Running Graph-Mamba Inference in batches...
2026-04-17 19:32:24,255 [INFO] 🏆 GSE72777 Results - RAW MAE: 2.9370 | CALIB MAE: 2.4837
2026-04-17 19:32:24,264 [INFO] ---------------------------------------------
2026-04-17 19:32:24,264 [INFO] ▶️ Processing Cohort: GSE77445
2026-04-17 19:32:24,265 [WARNING] ⚠️ GSE77445 data/pheno file not found. Skipping...
2026-04-17 19:32:24,265 [INFO] ---------------------------------------------
2026-04-17 19:32:24,266 [INFO] ▶️ Processing Cohort: GSE132203
2026-04-17 19:32:24,267 [INFO] ⏳ Loading compressed 850K array for GSE132203...
2026-04-17 19:37:03,946 [INFO] 🔄 Applying MARE Alignment & Sample-wise Imputation for 795 samples...
2026-04-17 19:37:05,110 [INFO] ⚡ Running Graph-Mamba Inference in batches...
2026-04-17 19:37:05,394 [INFO] 🏆 GSE132203 Results - RAW MAE: 4.9399 | CALIB MAE: 3.3729
2026-04-17 19:37:05,425 [INFO] ✅ Benchmark completely finished. Final report saved to: /datapool/home/info_wang/wanghui/GT-Mamba/results/sota/benchmark_summary.csv
